// Jest Snapshot v1, https://goo.gl/fbAQLP

exports[`Test if data is sorted correctly 1`] = `<div />`;
